python : --- Logging error ---
At line:1 char:45
+ ... I\bhi-be" ; python test_comprehensive.py > test_output.log 2>&1 ; typ ...
+                 ~~~~~~~~~~~~~~~~~~~~~~~~~~~~~~~~~~~~~~~~~~~~~~~~~~~
    + CategoryInfo          : NotSpecified: (--- Logging error ---:String) [], 
    RemoteException
    + FullyQualifiedErrorId : NativeCommandError
 
Traceback (most recent call last):
  File "C:\Users\singh\AppData\Local\Programs\Python\Python313\Lib\logging\__in
it__.py", line 1154, in emit
    stream.write(msg + self.terminator)
    ~~~~~~~~~~~~^^^^^^^^^^^^^^^^^^^^^^^
  File "C:\Users\singh\AppData\Local\Programs\Python\Python313\Lib\encodings\cp
1252.py", line 19, in encode
    return codecs.charmap_encode(input,self.errors,encoding_table)[0]
           ~~~~~~~~~~~~~~~~~~~~~^^^^^^^^^^^^^^^^^^^^^^^^^^^^^^^^^^
UnicodeEncodeError: 'charmap' codec can't encode character '\u2713' in 
position 47: character maps to <undefined>
Call stack:
  File "C:\Users\singh\Desktop\BE BHI\bhi-be\test_comprehensive.py", line 486, 
in <module>
    success = runner.run_all_tests()
  File "C:\Users\singh\Desktop\BE BHI\bhi-be\test_comprehensive.py", line 440, 
in run_all_tests
    if not self.load_datasets():
  File "C:\Users\singh\Desktop\BE BHI\bhi-be\test_comprehensive.py", line 49, 
in load_datasets
    self.logger.logger.info(
Message: '\u2713 Loaded leads_revenue dataset: 100 rows'
Arguments: ()
--- Logging error ---
Traceback (most recent call last):
  File "C:\Users\singh\AppData\Local\Programs\Python\Python313\Lib\logging\__in
it__.py", line 1154, in emit
    stream.write(msg + self.terminator)
    ~~~~~~~~~~~~^^^^^^^^^^^^^^^^^^^^^^^
  File "C:\Users\singh\AppData\Local\Programs\Python\Python313\Lib\encodings\cp
1252.py", line 19, in encode
    return codecs.charmap_encode(input,self.errors,encoding_table)[0]
           ~~~~~~~~~~~~~~~~~~~~~^^^^^^^^^^^^^^^^^^^^^^^^^^^^^^^^^^
UnicodeEncodeError: 'charmap' codec can't encode character '\u2713' in 
position 47: character maps to <undefined>
Call stack:
  File "C:\Users\singh\Desktop\BE BHI\bhi-be\test_comprehensive.py", line 486, 
in <module>
    success = runner.run_all_tests()
  File "C:\Users\singh\Desktop\BE BHI\bhi-be\test_comprehensive.py", line 440, 
in run_all_tests
    if not self.load_datasets():
  File "C:\Users\singh\Desktop\BE BHI\bhi-be\test_comprehensive.py", line 49, 
in load_datasets
    self.logger.logger.info(
Message: '\u2713 Loaded leads_revenue dataset: 100 rows'
Arguments: ()
--- Logging error ---
Traceback (most recent call last):
  File "C:\Users\singh\AppData\Local\Programs\Python\Python313\Lib\logging\__in
it__.py", line 1154, in emit
    stream.write(msg + self.terminator)
    ~~~~~~~~~~~~^^^^^^^^^^^^^^^^^^^^^^^
  File "C:\Users\singh\AppData\Local\Programs\Python\Python313\Lib\encodings\cp
1252.py", line 19, in encode
    return codecs.charmap_encode(input,self.errors,encoding_table)[0]
           ~~~~~~~~~~~~~~~~~~~~~^^^^^^^^^^^^^^^^^^^^^^^^^^^^^^^^^^
UnicodeEncodeError: 'charmap' codec can't encode character '\u2713' in 
position 47: character maps to <undefined>
Call stack:
  File "C:\Users\singh\Desktop\BE BHI\bhi-be\test_comprehensive.py", line 486, 
in <module>
    success = runner.run_all_tests()
  File "C:\Users\singh\Desktop\BE BHI\bhi-be\test_comprehensive.py", line 440, 
in run_all_tests
    if not self.load_datasets():
  File "C:\Users\singh\Desktop\BE BHI\bhi-be\test_comprehensive.py", line 57, 
in load_datasets
    self.logger.logger.info(
Message: '\u2713 Loaded crm_leads dataset: 6 rows'
Arguments: ()
--- Logging error ---
Traceback (most recent call last):
  File "C:\Users\singh\AppData\Local\Programs\Python\Python313\Lib\logging\__in
it__.py", line 1154, in emit
    stream.write(msg + self.terminator)
    ~~~~~~~~~~~~^^^^^^^^^^^^^^^^^^^^^^^
  File "C:\Users\singh\AppData\Local\Programs\Python\Python313\Lib\encodings\cp
1252.py", line 19, in encode
    return codecs.charmap_encode(input,self.errors,encoding_table)[0]
           ~~~~~~~~~~~~~~~~~~~~~^^^^^^^^^^^^^^^^^^^^^^^^^^^^^^^^^^
UnicodeEncodeError: 'charmap' codec can't encode character '\u2713' in 
position 47: character maps to <undefined>
Call stack:
  File "C:\Users\singh\Desktop\BE BHI\bhi-be\test_comprehensive.py", line 486, 
in <module>
    success = runner.run_all_tests()
  File "C:\Users\singh\Desktop\BE BHI\bhi-be\test_comprehensive.py", line 440, 
in run_all_tests
    if not self.load_datasets():
  File "C:\Users\singh\Desktop\BE BHI\bhi-be\test_comprehensive.py", line 57, 
in load_datasets
    self.logger.logger.info(
Message: '\u2713 Loaded crm_leads dataset: 6 rows'
Arguments: ()

======================================================================
COMPREHENSIVE TEST SUITE - REVENUE & LEADS ANALYSIS
======================================================================

======================================================================
TEST 1: TOTAL REVENUE
======================================================================
2026-04-07 12:51:13,173 - AuditLogger - INFO - Test 1: Total Revenue
2026-04-07 12:51:13,174 - AuditLogger - INFO - Dataset rows: 100
2026-04-07 12:51:13,174 - AuditLogger - INFO - Query: What is the total revenue?
2026-04-07 12:51:13,174 - AuditLogger - INFO - === Master Prompt Analysis Started ===
2026-04-07 12:51:13,174 - AuditLogger - INFO - Query: What is the total revenue?
2026-04-07 12:51:13,174 - AuditLogger - INFO - Semantic parsing - Revenue: 0, Leads: 0, Both: 0, Keywords: []
2026-04-07 12:51:13,174 - AuditLogger - INFO - Intent detected: revenue (confidence: 0.50)
2026-04-07 12:51:13,174 - AuditLogger - INFO - [ROUTE] REVENUE ONLY
2026-04-07 12:51:13,174 - AuditLogger - INFO - [OK] Revenue column identified: Deal_Value
2026-04-07 12:51:13,179 - AuditLogger - INFO - AUDIT: {
  "timestamp": "2026-04-07T12:51:13.179185",
  "operation": "calculate_total_revenue",
  "module": "prompt_revenue",
  "query": "What is the total revenue?",
  "input_rows": 100,
  "output_rows": 100,
  "filters_applied": [],
  "formula_used": "SUM(Deal_Value)",
  "result_value": 3714617.0,
  "column_mapping": {
    "revenue": "Deal_Value"
  },
  "validation_status": true,
  "error_message": "",
  "notes": [
    "Formula: Total Revenue = SUM(Deal_Value)",
    "Rows used: 100",
    "Total: 3714617.0"
  ]
}
2026-04-07 12:51:13,179 - AuditLogger - INFO - === Master Prompt Analysis Completed ===

Traceback (most recent call last):
  File "C:\Users\singh\Desktop\BE BHI\bhi-be\test_comprehensive.py", line 459, 
in run_all_tests
    passed = test_func()
  File "C:\Users\singh\Desktop\BE BHI\bhi-be\test_comprehensive.py", line 96, 
in test_total_revenue
    print(f"Status: {'\u2713 PASSED' if passed else '\u2717 FAILED'}")
    ~~~~~^^^^^^^^^^^^^^^^^^^^^^^^^^^^^^^^^^^^^^^^^^^^^^^^^^^
  File "C:\Users\singh\AppData\Local\Programs\Python\Python313\Lib\encodings\cp
1252.py", line 19, in encode
    return codecs.charmap_encode(input,self.errors,encoding_table)[0]
           ~~~~~~~~~~~~~~~~~~~~~^^^^^^^^^^^^^^^^^^^^^^^^^^^^^^^^^^
UnicodeEncodeError: 'charmap' codec can't encode character '\u2713' in 
position 8: character maps to <undefined>

During handling of the above exception, another exception occurred:

Traceback (most recent call last):
  File "C:\Users\singh\Desktop\BE BHI\bhi-be\test_comprehensive.py", line 486, 
in <module>
    success = runner.run_all_tests()
  File "C:\Users\singh\Desktop\BE BHI\bhi-be\test_comprehensive.py", line 462, 
in run_all_tests
    print(f"\n\u2717 {test_name} CRASHED: {str(e)}")
    ~~~~~^^^^^^^^^^^^^^^^^^^^^^^^^^^^^^^^^^^^^^
  File "C:\Users\singh\AppData\Local\Programs\Python\Python313\Lib\encodings\cp
1252.py", line 19, in encode
    return codecs.charmap_encode(input,self.errors,encoding_table)[0]
           ~~~~~~~~~~~~~~~~~~~~~^^^^^^^^^^^^^^^^^^^^^^^^^^^^^^^^^^
UnicodeEncodeError: 'charmap' codec can't encode character '\u2717' in 
position 2: character maps to <undefined>
