
======================================================================
COMPREHENSIVE TEST SUITE - REVENUE & LEADS ANALYSIS
======================================================================
2026-04-07 13:11:26,251 - AuditLogger - INFO - [OK] Loaded leads_revenue dataset: 100 rows
2026-04-07 13:11:26,252 - AuditLogger - INFO - [OK] Loaded crm_leads dataset: 6 rows

======================================================================
TEST 1: TOTAL REVENUE
======================================================================
2026-04-07 13:11:26,252 - AuditLogger - INFO - Test 1: Total Revenue
2026-04-07 13:11:26,252 - AuditLogger - INFO - Dataset rows: 100
2026-04-07 13:11:26,252 - AuditLogger - INFO - Query: What is the total revenue?
2026-04-07 13:11:26,252 - AuditLogger - INFO - === Dynamic Semantic Analysis Started ===
2026-04-07 13:11:26,252 - AuditLogger - INFO - Query: What is the total revenue?
2026-04-07 13:11:26,252 - AuditLogger - INFO - [SEMANTIC] Extracting intent from: What is the total revenue?
2026-04-07 13:11:26,253 - AuditLogger - INFO - [METRICS] Detected: {'revenue'}
2026-04-07 13:11:26,253 - AuditLogger - INFO - [DIMENSIONS] Detected: set()
2026-04-07 13:11:26,254 - AuditLogger - INFO - [OPERATIONS] Total=True, Breakdown=False, Comparison=False, Combined=False
2026-04-07 13:11:26,254 - AuditLogger - INFO - [OPS] To perform: {'total'}
2026-04-07 13:11:26,254 - AuditLogger - INFO - [CONFIDENCE] 23.33%
2026-04-07 13:11:26,254 - AuditLogger - INFO - Analysis plan: {'metrics_to_calculate': {'revenue': {'metric': 'revenue', 'get_total': True, 'get_breakdown': False, 'breakdown_columns': []}}, 'has_breakdown': False, 'has_combined': False, 'dimensions': []}
2026-04-07 13:11:26,254 - AuditLogger - INFO - [CALC] Processing metric: revenue
2026-04-07 13:11:26,254 - AuditLogger - INFO - [OK] Revenue column identified: Deal_Value
2026-04-07 13:11:26,256 - AuditLogger - INFO - AUDIT: {
  "timestamp": "2026-04-07T13:11:26.255808",
  "operation": "calculate_total_revenue",
  "module": "prompt_revenue",
  "query": "What is the total revenue?",
  "input_rows": 100,
  "output_rows": 100,
  "filters_applied": [],
  "formula_used": "SUM(Deal_Value)",
  "result_value": 3714617.0,
  "column_mapping": {
    "revenue": "Deal_Value"
  },
  "validation_status": true,
  "error_message": "",
  "notes": [
    "Formula: Total Revenue = SUM(Deal_Value)",
    "Rows used: 100",
    "Total: 3714617.0"
  ]
}
2026-04-07 13:11:26,256 - AuditLogger - INFO - === Dynamic Semantic Analysis Completed ===

Status: [PASS]
Expected Revenue: $3,714,617.00
Actual Revenue: $3,714,617.00
Explanation:
Total Revenue: $3,714,617.00

======================================================================
TEST 2: TOTAL LEADS
======================================================================
2026-04-07 13:11:26,257 - AuditLogger - INFO - Test 2: Total Leads
2026-04-07 13:11:26,257 - AuditLogger - INFO - Dataset rows: 6
2026-04-07 13:11:26,258 - AuditLogger - INFO - Query: How many total leads do we have?
2026-04-07 13:11:26,258 - AuditLogger - INFO - === Dynamic Semantic Analysis Started ===
2026-04-07 13:11:26,258 - AuditLogger - INFO - Query: How many total leads do we have?
2026-04-07 13:11:26,258 - AuditLogger - INFO - [SEMANTIC] Extracting intent from: How many total leads do we have?
2026-04-07 13:11:26,258 - AuditLogger - INFO - [METRICS] Detected: {'leads'}
2026-04-07 13:11:26,258 - AuditLogger - INFO - [DIMENSIONS] Detected: set()
2026-04-07 13:11:26,258 - AuditLogger - INFO - [OPERATIONS] Total=True, Breakdown=False, Comparison=False, Combined=False
2026-04-07 13:11:26,258 - AuditLogger - INFO - [OPS] To perform: {'total'}
2026-04-07 13:11:26,258 - AuditLogger - INFO - [CONFIDENCE] 23.33%
2026-04-07 13:11:26,259 - AuditLogger - INFO - Analysis plan: {'metrics_to_calculate': {'leads': {'metric': 'leads', 'get_total': True, 'get_breakdown': False, 'breakdown_columns': []}}, 'has_breakdown': False, 'has_combined': False, 'dimensions': []}
2026-04-07 13:11:26,259 - AuditLogger - INFO - [CALC] Processing metric: leads
2026-04-07 13:11:26,259 - AuditLogger - INFO - [OK] Lead ID column identified: month
2026-04-07 13:11:26,259 - AuditLogger - INFO - AUDIT: {
  "timestamp": "2026-04-07T13:11:26.259339",
  "operation": "calculate_total_leads",
  "module": "prompt_leads",
  "query": "How many total leads do we have?",
  "input_rows": 6,
  "output_rows": 6,
  "filters_applied": [],
  "formula_used": "COUNT(lead_records)",
  "result_value": 6,
  "column_mapping": {
    "lead_id": "month"
  },
  "validation_status": true,
  "error_message": "",
  "notes": [
    "Formula: Total Leads = COUNT(records)",
    "Records counted: 6"
  ]
}
2026-04-07 13:11:26,259 - AuditLogger - INFO - === Dynamic Semantic Analysis Completed ===

Status: [PASS]
Expected Leads: 6
Actual Leads: 6
Explanation:
Total Leads: 6

======================================================================
TEST 3: REVENUE BREAKDOWN BY SOURCE
======================================================================
2026-04-07 13:11:26,259 - AuditLogger - INFO - Test 3: Revenue by Source
2026-04-07 13:11:26,259 - AuditLogger - INFO - Query: Show me revenue breakdown by Lead_Source
2026-04-07 13:11:26,259 - AuditLogger - INFO - === Dynamic Semantic Analysis Started ===
2026-04-07 13:11:26,259 - AuditLogger - INFO - Query: Show me revenue breakdown by Lead_Source
2026-04-07 13:11:26,259 - AuditLogger - INFO - [SEMANTIC] Extracting intent from: Show me revenue breakdown by Lead_Source
2026-04-07 13:11:26,259 - AuditLogger - INFO - [METRICS] Detected: {'revenue'}
2026-04-07 13:11:26,260 - AuditLogger - INFO - [DIMENSIONS] Detected: {'source'}
2026-04-07 13:11:26,260 - AuditLogger - INFO - [OPERATIONS] Total=False, Breakdown=True, Comparison=False, Combined=False
2026-04-07 13:11:26,260 - AuditLogger - INFO - [OPS] To perform: {'breakdown'}
2026-04-07 13:11:26,260 - AuditLogger - INFO - [CONFIDENCE] 33.33%
2026-04-07 13:11:26,260 - AuditLogger - INFO - Analysis plan: {'metrics_to_calculate': {'revenue': {'metric': 'revenue', 'get_total': True, 'get_breakdown': {'source'}, 'breakdown_columns': ['source']}}, 'has_breakdown': True, 'has_combined': False, 'dimensions': ['source']}
2026-04-07 13:11:26,260 - AuditLogger - INFO - [CALC] Processing metric: revenue
2026-04-07 13:11:26,260 - AuditLogger - INFO - [OK] Revenue column identified: Deal_Value
2026-04-07 13:11:26,260 - AuditLogger - INFO - AUDIT: {
  "timestamp": "2026-04-07T13:11:26.260895",
  "operation": "calculate_total_revenue",
  "module": "prompt_revenue",
  "query": "Show me revenue breakdown by Lead_Source",
  "input_rows": 100,
  "output_rows": 100,
  "filters_applied": [],
  "formula_used": "SUM(Deal_Value)",
  "result_value": 3714617.0,
  "column_mapping": {
    "revenue": "Deal_Value"
  },
  "validation_status": true,
  "error_message": "",
  "notes": [
    "Formula: Total Revenue = SUM(Deal_Value)",
    "Rows used: 100",
    "Total: 3714617.0"
  ]
}
2026-04-07 13:11:26,262 - AuditLogger - INFO - [GROUP] Lead_Source=Google Ads, Revenue=506112, Rows=12
2026-04-07 13:11:26,262 - AuditLogger - INFO - [GROUP] Lead_Source=LinkedIn, Revenue=851466, Rows=23
2026-04-07 13:11:26,262 - AuditLogger - INFO - [GROUP] Lead_Source=Referral, Revenue=663527, Rows=18
2026-04-07 13:11:26,262 - AuditLogger - INFO - [GROUP] Lead_Source=Webinar, Revenue=617307, Rows=20
2026-04-07 13:11:26,263 - AuditLogger - INFO - [GROUP] Lead_Source=Website, Revenue=1076205, Rows=27
2026-04-07 13:11:26,263 - AuditLogger - INFO - AUDIT: {
  "timestamp": "2026-04-07T13:11:26.263097",
  "operation": "calculate_revenue_by_group",
  "module": "prompt_revenue",
  "query": "Show me revenue breakdown by Lead_Source",
  "input_rows": 100,
  "output_rows": 5,
  "filters_applied": [
    "group_by=Lead_Source"
  ],
  "formula_used": "SUM(Deal_Value) GROUP BY Lead_Source",
  "result_value": 3714617.0,
  "column_mapping": {
    "revenue": "Deal_Value",
    "group": "Lead_Source"
  },
  "validation_status": true,
  "error_message": "",
  "notes": [
    "Total revenue: 3714617.0",
    "Number of groups: 5",
    "Sum of groups: 3714617.0"
  ]
}
2026-04-07 13:11:26,263 - AuditLogger - INFO - === Dynamic Semantic Analysis Completed ===

Status: [PASS]
Total Revenue: $3,714,617.00
Number of Groups: 5
Sum of Groups: $3,714,617.00
Expected Total: $3,714,617.00

Explanation:
Total Revenue: $3,714,617.00
Breakdown:
  Google Ads: $506,112.00
  LinkedIn: $851,466.00
  Referral: $663,527.00
  Webinar: $617,307.00
  Website: $1,076,205.00

======================================================================
TEST 4: LEADS BREAKDOWN BY SOURCE
======================================================================
2026-04-07 13:11:26,263 - AuditLogger - INFO - Test 4: Leads by Source
2026-04-07 13:11:26,263 - AuditLogger - INFO - Query: Break down leads by Lead_Source
2026-04-07 13:11:26,264 - AuditLogger - INFO - === Dynamic Semantic Analysis Started ===
2026-04-07 13:11:26,265 - AuditLogger - INFO - Query: Break down leads by Lead_Source
2026-04-07 13:11:26,265 - AuditLogger - INFO - [SEMANTIC] Extracting intent from: Break down leads by Lead_Source
2026-04-07 13:11:26,265 - AuditLogger - INFO - [METRICS] Detected: {'leads'}
2026-04-07 13:11:26,265 - AuditLogger - INFO - [DIMENSIONS] Detected: {'source'}
2026-04-07 13:11:26,265 - AuditLogger - INFO - [OPERATIONS] Total=False, Breakdown=True, Comparison=False, Combined=False
2026-04-07 13:11:26,265 - AuditLogger - INFO - [OPS] To perform: {'breakdown'}
2026-04-07 13:11:26,265 - AuditLogger - INFO - [CONFIDENCE] 33.33%
2026-04-07 13:11:26,265 - AuditLogger - INFO - Analysis plan: {'metrics_to_calculate': {'leads': {'metric': 'leads', 'get_total': True, 'get_breakdown': {'source'}, 'breakdown_columns': ['source']}}, 'has_breakdown': True, 'has_combined': False, 'dimensions': ['source']}
2026-04-07 13:11:26,265 - AuditLogger - INFO - [CALC] Processing metric: leads
2026-04-07 13:11:26,265 - AuditLogger - INFO - [OK] Lead ID column identified: Lead_ID
2026-04-07 13:11:26,266 - AuditLogger - INFO - AUDIT: {
  "timestamp": "2026-04-07T13:11:26.266020",
  "operation": "calculate_total_leads",
  "module": "prompt_leads",
  "query": "Break down leads by Lead_Source",
  "input_rows": 100,
  "output_rows": 100,
  "filters_applied": [],
  "formula_used": "COUNT(lead_records)",
  "result_value": 100,
  "column_mapping": {
    "lead_id": "Lead_ID"
  },
  "validation_status": true,
  "error_message": "",
  "notes": [
    "Formula: Total Leads = COUNT(records)",
    "Records counted: 100"
  ]
}
2026-04-07 13:11:26,267 - AuditLogger - INFO - [GROUP] Lead_Source=Google Ads, Leads=12
2026-04-07 13:11:26,267 - AuditLogger - INFO - [GROUP] Lead_Source=LinkedIn, Leads=23
2026-04-07 13:11:26,267 - AuditLogger - INFO - [GROUP] Lead_Source=Referral, Leads=18
2026-04-07 13:11:26,267 - AuditLogger - INFO - [GROUP] Lead_Source=Webinar, Leads=20
2026-04-07 13:11:26,267 - AuditLogger - INFO - [GROUP] Lead_Source=Website, Leads=27
2026-04-07 13:11:26,268 - AuditLogger - INFO - AUDIT: {
  "timestamp": "2026-04-07T13:11:26.267901",
  "operation": "calculate_leads_by_group",
  "module": "prompt_leads",
  "query": "Break down leads by Lead_Source",
  "input_rows": 100,
  "output_rows": 5,
  "filters_applied": [
    "group_by=Lead_Source"
  ],
  "formula_used": "COUNT(records) GROUP BY Lead_Source",
  "result_value": 100,
  "column_mapping": {
    "group": "Lead_Source"
  },
  "validation_status": true,
  "error_message": "",
  "notes": [
    "Total leads: 100",
    "Number of groups: 5",
    "Sum of groups: 100"
  ]
}
2026-04-07 13:11:26,268 - AuditLogger - INFO - === Dynamic Semantic Analysis Completed ===

Status: [PASS]
Total Leads: 100
Number of Groups: 5
Sum of Groups: 100
Expected Total: 100

Explanation:
Total Leads: 100
Breakdown:
  Google Ads: 12 leads
  LinkedIn: 23 leads
  Referral: 18 leads
  Webinar: 20 leads
  Website: 27 leads

======================================================================
TEST 5: REVENUE-WISE LEAD ANALYSIS
======================================================================
2026-04-07 13:11:26,268 - AuditLogger - INFO - Test 5: Revenue-wise Lead Analysis
2026-04-07 13:11:26,268 - AuditLogger - INFO - Query: Show revenue by Lead_Source with lead counts
2026-04-07 13:11:26,268 - AuditLogger - INFO - === Dynamic Semantic Analysis Started ===
2026-04-07 13:11:26,268 - AuditLogger - INFO - Query: Show revenue by Lead_Source with lead counts
2026-04-07 13:11:26,269 - AuditLogger - INFO - [SEMANTIC] Extracting intent from: Show revenue by Lead_Source with lead counts
2026-04-07 13:11:26,269 - AuditLogger - INFO - [METRICS] Detected: {'revenue', 'leads'}
2026-04-07 13:11:26,269 - AuditLogger - INFO - [DIMENSIONS] Detected: {'source'}
2026-04-07 13:11:26,269 - AuditLogger - INFO - [OPERATIONS] Total=False, Breakdown=True, Comparison=False, Combined=False
2026-04-07 13:11:26,269 - AuditLogger - INFO - [OPS] To perform: {'breakdown'}
2026-04-07 13:11:26,270 - AuditLogger - INFO - [CONFIDENCE] 33.33%
2026-04-07 13:11:26,270 - AuditLogger - INFO - Analysis plan: {'metrics_to_calculate': {'revenue': {'metric': 'revenue', 'get_total': True, 'get_breakdown': {'source'}, 'breakdown_columns': ['source']}, 'leads': {'metric': 'leads', 'get_total': True, 'get_breakdown': {'source'}, 'breakdown_columns': ['source']}}, 'has_breakdown': True, 'has_combined': False, 'dimensions': ['source']}
2026-04-07 13:11:26,270 - AuditLogger - INFO - [CALC] Processing metric: revenue
2026-04-07 13:11:26,270 - AuditLogger - INFO - [OK] Revenue column identified: Deal_Value
2026-04-07 13:11:26,270 - AuditLogger - INFO - AUDIT: {
  "timestamp": "2026-04-07T13:11:26.270634",
  "operation": "calculate_total_revenue",
  "module": "prompt_revenue",
  "query": "Show revenue by Lead_Source with lead counts",
  "input_rows": 100,
  "output_rows": 100,
  "filters_applied": [],
  "formula_used": "SUM(Deal_Value)",
  "result_value": 3714617.0,
  "column_mapping": {
    "revenue": "Deal_Value"
  },
  "validation_status": true,
  "error_message": "",
  "notes": [
    "Formula: Total Revenue = SUM(Deal_Value)",
    "Rows used: 100",
    "Total: 3714617.0"
  ]
}
2026-04-07 13:11:26,272 - AuditLogger - INFO - [GROUP] Lead_Source=Google Ads, Revenue=506112, Rows=12
2026-04-07 13:11:26,273 - AuditLogger - INFO - [GROUP] Lead_Source=LinkedIn, Revenue=851466, Rows=23
2026-04-07 13:11:26,273 - AuditLogger - INFO - [GROUP] Lead_Source=Referral, Revenue=663527, Rows=18
2026-04-07 13:11:26,273 - AuditLogger - INFO - [GROUP] Lead_Source=Webinar, Revenue=617307, Rows=20
2026-04-07 13:11:26,273 - AuditLogger - INFO - [GROUP] Lead_Source=Website, Revenue=1076205, Rows=27
2026-04-07 13:11:26,273 - AuditLogger - INFO - AUDIT: {
  "timestamp": "2026-04-07T13:11:26.273448",
  "operation": "calculate_revenue_by_group",
  "module": "prompt_revenue",
  "query": "Show revenue by Lead_Source with lead counts",
  "input_rows": 100,
  "output_rows": 5,
  "filters_applied": [
    "group_by=Lead_Source"
  ],
  "formula_used": "SUM(Deal_Value) GROUP BY Lead_Source",
  "result_value": 3714617.0,
  "column_mapping": {
    "revenue": "Deal_Value",
    "group": "Lead_Source"
  },
  "validation_status": true,
  "error_message": "",
  "notes": [
    "Total revenue: 3714617.0",
    "Number of groups: 5",
    "Sum of groups: 3714617.0"
  ]
}
2026-04-07 13:11:26,273 - AuditLogger - INFO - [CALC] Processing metric: leads
2026-04-07 13:11:26,273 - AuditLogger - INFO - [OK] Lead ID column identified: Lead_ID
2026-04-07 13:11:26,274 - AuditLogger - INFO - AUDIT: {
  "timestamp": "2026-04-07T13:11:26.274104",
  "operation": "calculate_total_leads",
  "module": "prompt_leads",
  "query": "Show revenue by Lead_Source with lead counts",
  "input_rows": 100,
  "output_rows": 100,
  "filters_applied": [],
  "formula_used": "COUNT(lead_records)",
  "result_value": 100,
  "column_mapping": {
    "lead_id": "Lead_ID"
  },
  "validation_status": true,
  "error_message": "",
  "notes": [
    "Formula: Total Leads = COUNT(records)",
    "Records counted: 100"
  ]
}
2026-04-07 13:11:26,277 - AuditLogger - INFO - [GROUP] Lead_Source=Google Ads, Leads=12
2026-04-07 13:11:26,277 - AuditLogger - INFO - [GROUP] Lead_Source=LinkedIn, Leads=23
2026-04-07 13:11:26,277 - AuditLogger - INFO - [GROUP] Lead_Source=Referral, Leads=18
2026-04-07 13:11:26,277 - AuditLogger - INFO - [GROUP] Lead_Source=Webinar, Leads=20
2026-04-07 13:11:26,277 - AuditLogger - INFO - [GROUP] Lead_Source=Website, Leads=27
2026-04-07 13:11:26,278 - AuditLogger - INFO - AUDIT: {
  "timestamp": "2026-04-07T13:11:26.277983",
  "operation": "calculate_leads_by_group",
  "module": "prompt_leads",
  "query": "Show revenue by Lead_Source with lead counts",
  "input_rows": 100,
  "output_rows": 5,
  "filters_applied": [
    "group_by=Lead_Source"
  ],
  "formula_used": "COUNT(records) GROUP BY Lead_Source",
  "result_value": 100,
  "column_mapping": {
    "group": "Lead_Source"
  },
  "validation_status": true,
  "error_message": "",
  "notes": [
    "Total leads: 100",
    "Number of groups: 5",
    "Sum of groups: 100"
  ]
}
2026-04-07 13:11:26,278 - AuditLogger - INFO - === Dynamic Semantic Analysis Completed ===

Status: [FAIL]
Total Revenue: $3,714,617.00 (expected: $3,714,617.00)
Number of Groups: 0
Explanation:
Total Revenue: $3,714,617.00
Total Leads: 100

Breakdown by Entity:
  Google Ads: $506,112.00 (12 leads, $42,176.00/lead)
  LinkedIn: $851,466.00 (23 leads, $37,020.26/lead)
  Referral: $663,527.00 (18 leads, $36,862.61/lead)
  Webinar: $617,307.00 (20 leads, $30,865.35/lead)
  Website: $1,076,205.00 (27 leads, $39,859.44/lead)

======================================================================
TEST 6: BOTH REVENUE AND LEADS
======================================================================
2026-04-07 13:11:26,278 - AuditLogger - INFO - Test 6: Both Analysis
2026-04-07 13:11:26,278 - AuditLogger - INFO - Query: Give me both total revenue and total leads
2026-04-07 13:11:26,278 - AuditLogger - INFO - === Dynamic Semantic Analysis Started ===
2026-04-07 13:11:26,278 - AuditLogger - INFO - Query: Give me both total revenue and total leads
2026-04-07 13:11:26,278 - AuditLogger - INFO - [SEMANTIC] Extracting intent from: Give me both total revenue and total leads
2026-04-07 13:11:26,278 - AuditLogger - INFO - [METRICS] Detected: {'revenue', 'leads'}
2026-04-07 13:11:26,278 - AuditLogger - INFO - [DIMENSIONS] Detected: set()
2026-04-07 13:11:26,278 - AuditLogger - INFO - [OPERATIONS] Total=True, Breakdown=False, Comparison=False, Combined=True
2026-04-07 13:11:26,278 - AuditLogger - INFO - [OPS] To perform: {'total', 'combined_analysis'}
2026-04-07 13:11:26,278 - AuditLogger - INFO - [CONFIDENCE] 23.33%
2026-04-07 13:11:26,279 - AuditLogger - INFO - Analysis plan: {'metrics_to_calculate': {'revenue': {'metric': 'revenue', 'get_total': True, 'get_breakdown': False, 'breakdown_columns': []}, 'leads': {'metric': 'leads', 'get_total': True, 'get_breakdown': False, 'breakdown_columns': []}}, 'has_breakdown': False, 'has_combined': True, 'dimensions': []}
2026-04-07 13:11:26,279 - AuditLogger - INFO - [CALC] Processing metric: revenue
2026-04-07 13:11:26,279 - AuditLogger - INFO - [OK] Revenue column identified: Deal_Value
2026-04-07 13:11:26,279 - AuditLogger - INFO - AUDIT: {
  "timestamp": "2026-04-07T13:11:26.279510",
  "operation": "calculate_total_revenue",
  "module": "prompt_revenue",
  "query": "Give me both total revenue and total leads",
  "input_rows": 100,
  "output_rows": 100,
  "filters_applied": [],
  "formula_used": "SUM(Deal_Value)",
  "result_value": 3714617.0,
  "column_mapping": {
    "revenue": "Deal_Value"
  },
  "validation_status": true,
  "error_message": "",
  "notes": [
    "Formula: Total Revenue = SUM(Deal_Value)",
    "Rows used: 100",
    "Total: 3714617.0"
  ]
}
2026-04-07 13:11:26,279 - AuditLogger - INFO - [CALC] Processing metric: leads
2026-04-07 13:11:26,279 - AuditLogger - INFO - [OK] Lead ID column identified: Lead_ID
2026-04-07 13:11:26,279 - AuditLogger - INFO - AUDIT: {
  "timestamp": "2026-04-07T13:11:26.279852",
  "operation": "calculate_total_leads",
  "module": "prompt_leads",
  "query": "Give me both total revenue and total leads",
  "input_rows": 100,
  "output_rows": 100,
  "filters_applied": [],
  "formula_used": "COUNT(lead_records)",
  "result_value": 100,
  "column_mapping": {
    "lead_id": "Lead_ID"
  },
  "validation_status": true,
  "error_message": "",
  "notes": [
    "Formula: Total Leads = COUNT(records)",
    "Records counted: 100"
  ]
}
2026-04-07 13:11:26,279 - AuditLogger - INFO - === Dynamic Semantic Analysis Completed ===

Status: [PASS]

Revenue:
  Expected: $3,714,617.00
  Actual: $3,714,617.00
  Valid: True

Leads:
  Expected: 100
  Actual: 100
  Valid: True

Explanation:
Total Revenue: $3,714,617.00
Total Leads: 100

======================================================================
TEST 7: SEMANTIC ROUTING DETECTION
======================================================================
2026-04-07 13:11:26,280 - AuditLogger - INFO - === Dynamic Semantic Analysis Started ===
2026-04-07 13:11:26,280 - AuditLogger - INFO - Query: What is total revenue?
2026-04-07 13:11:26,280 - AuditLogger - INFO - [SEMANTIC] Extracting intent from: What is total revenue?
2026-04-07 13:11:26,280 - AuditLogger - INFO - [METRICS] Detected: {'revenue'}
2026-04-07 13:11:26,280 - AuditLogger - INFO - [DIMENSIONS] Detected: set()
2026-04-07 13:11:26,280 - AuditLogger - INFO - [OPERATIONS] Total=True, Breakdown=False, Comparison=False, Combined=False
2026-04-07 13:11:26,280 - AuditLogger - INFO - [OPS] To perform: {'total'}
2026-04-07 13:11:26,280 - AuditLogger - INFO - [CONFIDENCE] 23.33%
2026-04-07 13:11:26,280 - AuditLogger - INFO - Analysis plan: {'metrics_to_calculate': {'revenue': {'metric': 'revenue', 'get_total': True, 'get_breakdown': False, 'breakdown_columns': []}}, 'has_breakdown': False, 'has_combined': False, 'dimensions': []}
2026-04-07 13:11:26,280 - AuditLogger - INFO - [CALC] Processing metric: revenue
2026-04-07 13:11:26,280 - AuditLogger - INFO - [OK] Revenue column identified: Deal_Value
2026-04-07 13:11:26,280 - AuditLogger - INFO - AUDIT: {
  "timestamp": "2026-04-07T13:11:26.280722",
  "operation": "calculate_total_revenue",
  "module": "prompt_revenue",
  "query": "What is total revenue?",
  "input_rows": 100,
  "output_rows": 100,
  "filters_applied": [],
  "formula_used": "SUM(Deal_Value)",
  "result_value": 3714617.0,
  "column_mapping": {
    "revenue": "Deal_Value"
  },
  "validation_status": true,
  "error_message": "",
  "notes": [
    "Formula: Total Revenue = SUM(Deal_Value)",
    "Rows used: 100",
    "Total: 3714617.0"
  ]
}
2026-04-07 13:11:26,280 - AuditLogger - INFO - === Dynamic Semantic Analysis Completed ===

[OK] Query: 'What is total revenue?'
  Expected metrics: {'revenue'}, Detected: {'revenue'}
2026-04-07 13:11:26,280 - AuditLogger - INFO - === Dynamic Semantic Analysis Started ===
2026-04-07 13:11:26,280 - AuditLogger - INFO - Query: How many leads do we have?
2026-04-07 13:11:26,281 - AuditLogger - INFO - [SEMANTIC] Extracting intent from: How many leads do we have?
2026-04-07 13:11:26,281 - AuditLogger - INFO - [METRICS] Detected: {'leads'}
2026-04-07 13:11:26,281 - AuditLogger - INFO - [DIMENSIONS] Detected: set()
2026-04-07 13:11:26,281 - AuditLogger - INFO - [OPERATIONS] Total=False, Breakdown=False, Comparison=False, Combined=False
2026-04-07 13:11:26,281 - AuditLogger - INFO - [OPS] To perform: {'total'}
2026-04-07 13:11:26,281 - AuditLogger - INFO - [CONFIDENCE] 23.33%
2026-04-07 13:11:26,281 - AuditLogger - INFO - Analysis plan: {'metrics_to_calculate': {'leads': {'metric': 'leads', 'get_total': True, 'get_breakdown': False, 'breakdown_columns': []}}, 'has_breakdown': False, 'has_combined': False, 'dimensions': []}
2026-04-07 13:11:26,281 - AuditLogger - INFO - [CALC] Processing metric: leads
2026-04-07 13:11:26,281 - AuditLogger - INFO - [OK] Lead ID column identified: Lead_ID
2026-04-07 13:11:26,281 - AuditLogger - INFO - AUDIT: {
  "timestamp": "2026-04-07T13:11:26.281464",
  "operation": "calculate_total_leads",
  "module": "prompt_leads",
  "query": "How many leads do we have?",
  "input_rows": 100,
  "output_rows": 100,
  "filters_applied": [],
  "formula_used": "COUNT(lead_records)",
  "result_value": 100,
  "column_mapping": {
    "lead_id": "Lead_ID"
  },
  "validation_status": true,
  "error_message": "",
  "notes": [
    "Formula: Total Leads = COUNT(records)",
    "Records counted: 100"
  ]
}
2026-04-07 13:11:26,281 - AuditLogger - INFO - === Dynamic Semantic Analysis Completed ===

[OK] Query: 'How many leads do we have?'
  Expected metrics: {'leads'}, Detected: {'leads'}
2026-04-07 13:11:26,281 - AuditLogger - INFO - === Dynamic Semantic Analysis Started ===
2026-04-07 13:11:26,281 - AuditLogger - INFO - Query: Revenue and leads comparison
2026-04-07 13:11:26,281 - AuditLogger - INFO - [SEMANTIC] Extracting intent from: Revenue and leads comparison
2026-04-07 13:11:26,281 - AuditLogger - INFO - [METRICS] Detected: {'revenue', 'leads'}
2026-04-07 13:11:26,281 - AuditLogger - INFO - [DIMENSIONS] Detected: set()
2026-04-07 13:11:26,281 - AuditLogger - INFO - [OPERATIONS] Total=False, Breakdown=False, Comparison=True, Combined=True
2026-04-07 13:11:26,281 - AuditLogger - INFO - [OPS] To perform: {'total', 'combined_analysis'}
2026-04-07 13:11:26,281 - AuditLogger - INFO - [CONFIDENCE] 23.33%
2026-04-07 13:11:26,281 - AuditLogger - INFO - Analysis plan: {'metrics_to_calculate': {'revenue': {'metric': 'revenue', 'get_total': True, 'get_breakdown': False, 'breakdown_columns': []}, 'leads': {'metric': 'leads', 'get_total': True, 'get_breakdown': False, 'breakdown_columns': []}}, 'has_breakdown': False, 'has_combined': True, 'dimensions': []}
2026-04-07 13:11:26,282 - AuditLogger - INFO - [CALC] Processing metric: revenue
2026-04-07 13:11:26,282 - AuditLogger - INFO - [OK] Revenue column identified: Deal_Value
2026-04-07 13:11:26,282 - AuditLogger - INFO - AUDIT: {
  "timestamp": "2026-04-07T13:11:26.282180",
  "operation": "calculate_total_revenue",
  "module": "prompt_revenue",
  "query": "Revenue and leads comparison",
  "input_rows": 100,
  "output_rows": 100,
  "filters_applied": [],
  "formula_used": "SUM(Deal_Value)",
  "result_value": 3714617.0,
  "column_mapping": {
    "revenue": "Deal_Value"
  },
  "validation_status": true,
  "error_message": "",
  "notes": [
    "Formula: Total Revenue = SUM(Deal_Value)",
    "Rows used: 100",
    "Total: 3714617.0"
  ]
}
2026-04-07 13:11:26,282 - AuditLogger - INFO - [CALC] Processing metric: leads
2026-04-07 13:11:26,282 - AuditLogger - INFO - [OK] Lead ID column identified: Lead_ID
2026-04-07 13:11:26,282 - AuditLogger - INFO - AUDIT: {
  "timestamp": "2026-04-07T13:11:26.282379",
  "operation": "calculate_total_leads",
  "module": "prompt_leads",
  "query": "Revenue and leads comparison",
  "input_rows": 100,
  "output_rows": 100,
  "filters_applied": [],
  "formula_used": "COUNT(lead_records)",
  "result_value": 100,
  "column_mapping": {
    "lead_id": "Lead_ID"
  },
  "validation_status": true,
  "error_message": "",
  "notes": [
    "Formula: Total Leads = COUNT(records)",
    "Records counted: 100"
  ]
}
2026-04-07 13:11:26,282 - AuditLogger - INFO - === Dynamic Semantic Analysis Completed ===

[OK] Query: 'Revenue and leads comparison'
  Expected metrics: {'revenue', 'leads'}, Detected: {'revenue', 'leads'}
2026-04-07 13:11:26,282 - AuditLogger - INFO - === Dynamic Semantic Analysis Started ===
2026-04-07 13:11:26,282 - AuditLogger - INFO - Query: Revenue breakdown by lead source
2026-04-07 13:11:26,282 - AuditLogger - INFO - [SEMANTIC] Extracting intent from: Revenue breakdown by lead source
2026-04-07 13:11:26,282 - AuditLogger - INFO - [METRICS] Detected: {'revenue', 'leads'}
2026-04-07 13:11:26,282 - AuditLogger - INFO - [DIMENSIONS] Detected: {'source'}
2026-04-07 13:11:26,282 - AuditLogger - INFO - [OPERATIONS] Total=False, Breakdown=True, Comparison=False, Combined=False
2026-04-07 13:11:26,282 - AuditLogger - INFO - [OPS] To perform: {'breakdown'}
2026-04-07 13:11:26,282 - AuditLogger - INFO - [CONFIDENCE] 33.33%
2026-04-07 13:11:26,282 - AuditLogger - INFO - Analysis plan: {'metrics_to_calculate': {'revenue': {'metric': 'revenue', 'get_total': True, 'get_breakdown': {'source'}, 'breakdown_columns': ['source']}, 'leads': {'metric': 'leads', 'get_total': True, 'get_breakdown': {'source'}, 'breakdown_columns': ['source']}}, 'has_breakdown': True, 'has_combined': False, 'dimensions': ['source']}
2026-04-07 13:11:26,282 - AuditLogger - INFO - [CALC] Processing metric: revenue
2026-04-07 13:11:26,282 - AuditLogger - INFO - [OK] Revenue column identified: Deal_Value
2026-04-07 13:11:26,283 - AuditLogger - INFO - AUDIT: {
  "timestamp": "2026-04-07T13:11:26.283046",
  "operation": "calculate_total_revenue",
  "module": "prompt_revenue",
  "query": "Revenue breakdown by lead source",
  "input_rows": 100,
  "output_rows": 100,
  "filters_applied": [],
  "formula_used": "SUM(Deal_Value)",
  "result_value": 3714617.0,
  "column_mapping": {
    "revenue": "Deal_Value"
  },
  "validation_status": true,
  "error_message": "",
  "notes": [
    "Formula: Total Revenue = SUM(Deal_Value)",
    "Rows used: 100",
    "Total: 3714617.0"
  ]
}
2026-04-07 13:11:26,283 - AuditLogger - INFO - [GROUP] Lead_Source=Google Ads, Revenue=506112, Rows=12
2026-04-07 13:11:26,284 - AuditLogger - INFO - [GROUP] Lead_Source=LinkedIn, Revenue=851466, Rows=23
2026-04-07 13:11:26,284 - AuditLogger - INFO - [GROUP] Lead_Source=Referral, Revenue=663527, Rows=18
2026-04-07 13:11:26,284 - AuditLogger - INFO - [GROUP] Lead_Source=Webinar, Revenue=617307, Rows=20
2026-04-07 13:11:26,284 - AuditLogger - INFO - [GROUP] Lead_Source=Website, Revenue=1076205, Rows=27
2026-04-07 13:11:26,284 - AuditLogger - INFO - AUDIT: {
  "timestamp": "2026-04-07T13:11:26.284337",
  "operation": "calculate_revenue_by_group",
  "module": "prompt_revenue",
  "query": "Revenue breakdown by lead source",
  "input_rows": 100,
  "output_rows": 5,
  "filters_applied": [
    "group_by=Lead_Source"
  ],
  "formula_used": "SUM(Deal_Value) GROUP BY Lead_Source",
  "result_value": 3714617.0,
  "column_mapping": {
    "revenue": "Deal_Value",
    "group": "Lead_Source"
  },
  "validation_status": true,
  "error_message": "",
  "notes": [
    "Total revenue: 3714617.0",
    "Number of groups: 5",
    "Sum of groups: 3714617.0"
  ]
}
2026-04-07 13:11:26,284 - AuditLogger - INFO - [CALC] Processing metric: leads
2026-04-07 13:11:26,284 - AuditLogger - INFO - [OK] Lead ID column identified: Lead_ID
2026-04-07 13:11:26,284 - AuditLogger - INFO - AUDIT: {
  "timestamp": "2026-04-07T13:11:26.284564",
  "operation": "calculate_total_leads",
  "module": "prompt_leads",
  "query": "Revenue breakdown by lead source",
  "input_rows": 100,
  "output_rows": 100,
  "filters_applied": [],
  "formula_used": "COUNT(lead_records)",
  "result_value": 100,
  "column_mapping": {
    "lead_id": "Lead_ID"
  },
  "validation_status": true,
  "error_message": "",
  "notes": [
    "Formula: Total Leads = COUNT(records)",
    "Records counted: 100"
  ]
}
2026-04-07 13:11:26,285 - AuditLogger - INFO - [GROUP] Lead_Source=Google Ads, Leads=12
2026-04-07 13:11:26,285 - AuditLogger - INFO - [GROUP] Lead_Source=LinkedIn, Leads=23
2026-04-07 13:11:26,285 - AuditLogger - INFO - [GROUP] Lead_Source=Referral, Leads=18
2026-04-07 13:11:26,285 - AuditLogger - INFO - [GROUP] Lead_Source=Webinar, Leads=20
2026-04-07 13:11:26,285 - AuditLogger - INFO - [GROUP] Lead_Source=Website, Leads=27
2026-04-07 13:11:26,285 - AuditLogger - INFO - AUDIT: {
  "timestamp": "2026-04-07T13:11:26.285263",
  "operation": "calculate_leads_by_group",
  "module": "prompt_leads",
  "query": "Revenue breakdown by lead source",
  "input_rows": 100,
  "output_rows": 5,
  "filters_applied": [
    "group_by=Lead_Source"
  ],
  "formula_used": "COUNT(records) GROUP BY Lead_Source",
  "result_value": 100,
  "column_mapping": {
    "group": "Lead_Source"
  },
  "validation_status": true,
  "error_message": "",
  "notes": [
    "Total leads: 100",
    "Number of groups: 5",
    "Sum of groups: 100"
  ]
}
2026-04-07 13:11:26,285 - AuditLogger - INFO - === Dynamic Semantic Analysis Completed ===

[X] Query: 'Revenue breakdown by lead source'
  Expected metrics: {'revenue'}, Detected: {'revenue', 'leads'}

======================================================================
TEST 8: ANTI-HALLUCINATION GUARDRAILS
======================================================================
2026-04-07 13:11:26,285 - AuditLogger - INFO - === Dynamic Semantic Analysis Started ===
2026-04-07 13:11:26,285 - AuditLogger - INFO - Query: Show revenue breakdown by Lead_Source
2026-04-07 13:11:26,285 - AuditLogger - INFO - [SEMANTIC] Extracting intent from: Show revenue breakdown by Lead_Source
2026-04-07 13:11:26,285 - AuditLogger - INFO - [METRICS] Detected: {'revenue'}
2026-04-07 13:11:26,285 - AuditLogger - INFO - [DIMENSIONS] Detected: {'source'}
2026-04-07 13:11:26,285 - AuditLogger - INFO - [OPERATIONS] Total=False, Breakdown=True, Comparison=False, Combined=False
2026-04-07 13:11:26,285 - AuditLogger - INFO - [OPS] To perform: {'breakdown'}
2026-04-07 13:11:26,285 - AuditLogger - INFO - [CONFIDENCE] 33.33%
2026-04-07 13:11:26,286 - AuditLogger - INFO - Analysis plan: {'metrics_to_calculate': {'revenue': {'metric': 'revenue', 'get_total': True, 'get_breakdown': {'source'}, 'breakdown_columns': ['source']}}, 'has_breakdown': True, 'has_combined': False, 'dimensions': ['source']}
2026-04-07 13:11:26,286 - AuditLogger - INFO - [CALC] Processing metric: revenue
2026-04-07 13:11:26,286 - AuditLogger - INFO - [OK] Revenue column identified: Deal_Value
2026-04-07 13:11:26,286 - AuditLogger - INFO - AUDIT: {
  "timestamp": "2026-04-07T13:11:26.286480",
  "operation": "calculate_total_revenue",
  "module": "prompt_revenue",
  "query": "Show revenue breakdown by Lead_Source",
  "input_rows": 100,
  "output_rows": 100,
  "filters_applied": [],
  "formula_used": "SUM(Deal_Value)",
  "result_value": 3714617.0,
  "column_mapping": {
    "revenue": "Deal_Value"
  },
  "validation_status": true,
  "error_message": "",
  "notes": [
    "Formula: Total Revenue = SUM(Deal_Value)",
    "Rows used: 100",
    "Total: 3714617.0"
  ]
}
2026-04-07 13:11:26,288 - AuditLogger - INFO - [GROUP] Lead_Source=Google Ads, Revenue=506112, Rows=12
2026-04-07 13:11:26,288 - AuditLogger - INFO - [GROUP] Lead_Source=LinkedIn, Revenue=851466, Rows=23
2026-04-07 13:11:26,288 - AuditLogger - INFO - [GROUP] Lead_Source=Referral, Revenue=663527, Rows=18
2026-04-07 13:11:26,288 - AuditLogger - INFO - [GROUP] Lead_Source=Webinar, Revenue=617307, Rows=20
2026-04-07 13:11:26,288 - AuditLogger - INFO - [GROUP] Lead_Source=Website, Revenue=1076205, Rows=27
2026-04-07 13:11:26,288 - AuditLogger - INFO - AUDIT: {
  "timestamp": "2026-04-07T13:11:26.288670",
  "operation": "calculate_revenue_by_group",
  "module": "prompt_revenue",
  "query": "Show revenue breakdown by Lead_Source",
  "input_rows": 100,
  "output_rows": 5,
  "filters_applied": [
    "group_by=Lead_Source"
  ],
  "formula_used": "SUM(Deal_Value) GROUP BY Lead_Source",
  "result_value": 3714617.0,
  "column_mapping": {
    "revenue": "Deal_Value",
    "group": "Lead_Source"
  },
  "validation_status": true,
  "error_message": "",
  "notes": [
    "Total revenue: 3714617.0",
    "Number of groups: 5",
    "Sum of groups: 3714617.0"
  ]
}
2026-04-07 13:11:26,289 - AuditLogger - INFO - === Dynamic Semantic Analysis Completed ===

[OK] Valid query
  Query: Show revenue breakdown by Lead_Source
  Has valid data: True
2026-04-07 13:11:26,289 - AuditLogger - INFO - === Dynamic Semantic Analysis Started ===
2026-04-07 13:11:26,289 - AuditLogger - INFO - Query: give me everything
2026-04-07 13:11:26,289 - AuditLogger - INFO - [SEMANTIC] Extracting intent from: give me everything
2026-04-07 13:11:26,289 - AuditLogger - INFO - [METRICS] Detected: {'revenue'}
2026-04-07 13:11:26,289 - AuditLogger - INFO - [DIMENSIONS] Detected: set()
2026-04-07 13:11:26,289 - AuditLogger - INFO - [OPERATIONS] Total=False, Breakdown=False, Comparison=False, Combined=False
2026-04-07 13:11:26,289 - AuditLogger - INFO - [OPS] To perform: {'total'}
2026-04-07 13:11:26,289 - AuditLogger - INFO - [CONFIDENCE] 23.33%
2026-04-07 13:11:26,289 - AuditLogger - INFO - Analysis plan: {'metrics_to_calculate': {'revenue': {'metric': 'revenue', 'get_total': True, 'get_breakdown': False, 'breakdown_columns': []}}, 'has_breakdown': False, 'has_combined': False, 'dimensions': []}
2026-04-07 13:11:26,289 - AuditLogger - INFO - [CALC] Processing metric: revenue
2026-04-07 13:11:26,289 - AuditLogger - INFO - [OK] Revenue column identified: Deal_Value
2026-04-07 13:11:26,290 - AuditLogger - INFO - AUDIT: {
  "timestamp": "2026-04-07T13:11:26.290210",
  "operation": "calculate_total_revenue",
  "module": "prompt_revenue",
  "query": "give me everything",
  "input_rows": 100,
  "output_rows": 100,
  "filters_applied": [],
  "formula_used": "SUM(Deal_Value)",
  "result_value": 3714617.0,
  "column_mapping": {
    "revenue": "Deal_Value"
  },
  "validation_status": true,
  "error_message": "",
  "notes": [
    "Formula: Total Revenue = SUM(Deal_Value)",
    "Rows used: 100",
    "Total: 3714617.0"
  ]
}
2026-04-07 13:11:26,290 - AuditLogger - INFO - === Dynamic Semantic Analysis Completed ===

[OK] Vague query
  Query: give me everything
  Has valid data: True

======================================================================
TEST SUMMARY
======================================================================
[OK] Total Revenue
[OK] Total Leads
[OK] Revenue by Source
[OK] Leads by Source
[X] Revenue-wise Lead Analysis
[OK] Both Analysis
[X] Semantic Routing
[OK] Anti-Hallucination Guards

Total: 6/8 tests passed
======================================================================

[X] SOME TESTS FAILED
